
> bom_manager@0.1.0 build
> next build

Γû▓ Next.js 16.2.2 (Turbopack)
- Environments: .env
- Experiments (use with caution):
  ┬╖ serverActions

node.exe : ΓÜá The "middleware" file convention is deprecated. Plea
se use "proxy" instead. Learn more: https://nextjs.org/docs/message
s/middleware-to-proxy
At line:1 char:1
+ & "C:\Program Files\nodejs/node.exe" "C:\Users\George\AppData\Roa
ming ...
+ ~~~~~~~~~~~~~~~~~~~~~~~~~~~~~~~~~~~~~~~~~~~~~~~~~~~~~~~~~~~~~~~~~
~~~~
    + CategoryInfo          : NotSpecified: (ΓÜá The "middle...lew 
   are-to-proxy:String) [], RemoteException
    + FullyQualifiedErrorId : NativeCommandError
 
  Creating an optimized production build ...
Γ£ô Compiled successfully in 3.8s
  Running TypeScript ...
  Finished TypeScript in 4.7s ...
  Collecting page data using 14 workers ...

> Build error occurred
Error: The file "./src\middleware.ts" must export a function, eithe
r as a default export or as a named "middleware" export.
This function is what Next.js runs for every request handled by thi
s middleware.

Why this happens:
- The file exists but doesn't export a function.
- The export is not a function (e.g., an object or constant).
- There's a syntax error preventing the export from being recognize
d.

To fix it:
- Ensure this file has either a default or "middleware" function ex
port.

Learn more: https://nextjs.org/docs/messages/middleware-to-proxy
    at ignore-listed frames
