src/app/(dashboard)/boms/boms-client.tsx(212,48): error TS2322: Type '{ children: Element; asChild: true; }' is not assignable to type 'IntrinsicAttributes & Props<unknown>'.
  Property 'asChild' does not exist on type 'IntrinsicAttributes & Props<unknown>'.
src/app/(dashboard)/boms/boms-client.tsx(218,47): error TS2322: Type '{ children: Element; asChild: true; }' is not assignable to type 'IntrinsicAttributes & MenuItemProps & { inset?: boolean | undefined; variant?: "default" | "destructive" | undefined; }'.
  Property 'asChild' does not exist on type 'IntrinsicAttributes & MenuItemProps & { inset?: boolean | undefined; variant?: "default" | "destructive" | undefined; }'.
src/app/(dashboard)/parts/parts-client.tsx(77,23): error TS2345: Argument of type 'unknown' is not assignable to parameter of type 'string | number | bigint | boolean | ReactElement<unknown, string | JSXElementConstructor<any>> | Iterable<ReactNode> | ... 4 more ... | undefined'.
src/components/compare/diff-view.tsx(94,38): error TS2322: Type 'Dispatch<SetStateAction<string>>' is not assignable to type '(value: string | null, eventDetails: SelectRootChangeEventDetails) => void'.
  Types of parameters 'value' and 'value' are incompatible.
    Type 'string | null' is not assignable to type 'SetStateAction<string>'.
      Type 'null' is not assignable to type 'SetStateAction<string>'.
src/components/compare/diff-view.tsx(114,38): error TS2322: Type 'Dispatch<SetStateAction<string>>' is not assignable to type '(value: string | null, eventDetails: SelectRootChangeEventDetails) => void'.
  Types of parameters 'value' and 'value' are incompatible.
    Type 'string | null' is not assignable to type 'SetStateAction<string>'.
      Type 'null' is not assignable to type 'SetStateAction<string>'.
src/components/layout/app-sidebar.tsx(85,40): error TS2322: Type '{ children: Element[]; key: string; delayDuration: number; }' is not assignable to type 'IntrinsicAttributes & Props<unknown>'.
  Property 'delayDuration' does not exist on type 'IntrinsicAttributes & Props<unknown>'.
src/components/layout/app-sidebar.tsx(86,33): error TS2322: Type '{ children: Element; asChild: true; }' is not assignable to type 'IntrinsicAttributes & Props<unknown>'.
  Property 'asChild' does not exist on type 'IntrinsicAttributes & Props<unknown>'.
src/components/layout/header.tsx(43,34): error TS2322: Type '{ children: Element; asChild: true; }' is not assignable to type 'IntrinsicAttributes & Props<unknown>'.
  Property 'asChild' does not exist on type 'IntrinsicAttributes & Props<unknown>'.
src/components/layout/header.tsx(66,33): error TS2322: Type '{ children: Element; asChild: true; }' is not assignable to type 'IntrinsicAttributes & MenuItemProps & { inset?: boolean | undefined; variant?: "default" | "destructive" | undefined; }'.
  Property 'asChild' does not exist on type 'IntrinsicAttributes & MenuItemProps & { inset?: boolean | undefined; variant?: "default" | "destructive" | undefined; }'.
src/lib/actions/auth.ts(56,27): error TS2339: Property 'errors' does not exist on type 'ZodError<{ name: string; email: string; password: string; }>'.
src/lib/actions/auth.ts(56,39): error TS7006: Parameter 'e' implicitly has an 'any' type.
src/lib/actions/boms.ts(145,11): error TS7022: 'found' implicitly has type 'any' because it does not have a type annotation and is referenced directly or indirectly in its own initializer.
src/lib/actions/parts.ts(52,34): error TS2339: Property 'errors' does not exist on type 'ZodError<{ mpn: string; manufacturer: string; description: string; footprint: string; defaultUnitCost: number; }>'.
src/lib/actions/parts.ts(52,46): error TS7006: Parameter 'e' implicitly has an 'any' type.
src/lib/actions/upload.ts(95,49): error TS2339: Property 'errors' does not exist on type 'ZodError<{ mpn: string; manufacturer: string; description: string; footprint: string; unitCost: number; designators: string; }>'.
src/lib/actions/upload.ts(95,61): error TS7006: Parameter 'e' implicitly has an 'any' type.
